// Jest Snapshot v1, https://goo.gl/fbAQLP

exports[`CarsCard Component 1`] = `
<View
  accessibilityState={
    {
      "busy": undefined,
      "checked": undefined,
      "disabled": undefined,
      "expanded": undefined,
      "selected": undefined,
    }
  }
  accessibilityValue={
    {
      "max": undefined,
      "min": undefined,
      "now": undefined,
      "text": undefined,
    }
  }
  accessible={true}
  collapsable={false}
  focusable={true}
  onClick={[Function]}
  onResponderGrant={[Function]}
  onResponderMove={[Function]}
  onResponderRelease={[Function]}
  onResponderTerminate={[Function]}
  onResponderTerminationRequest={[Function]}
  onStartShouldSetResponder={[Function]}
  style={
    {
      "height": 150,
      "marginVertical": 40,
      "opacity": 1,
      "paddingHorizontal": 20,
      "width": "100%",
    }
  }
>
  <View
    style={
      {
        "borderColor": "black",
        "borderRadius": 5,
        "borderStyle": "solid",
        "borderWidth": 1,
        "padding": 10,
      }
    }
  >
    <View
      style={
        {
          "display": "flex",
          "flexDirection": "row",
          "justifyContent": "space-between",
          "marginTop": 10,
        }
      }
    >
      <Text>
        Модель
      </Text>
      <Text>
        Test Model
      </Text>
    </View>
    <View
      style={
        {
          "display": "flex",
          "flexDirection": "row",
          "justifyContent": "space-between",
          "marginTop": 10,
        }
      }
    >
      <Text>
        Год выпуска
      </Text>
      <Text>
        2023
      </Text>
    </View>
    <View
      style={
        {
          "display": "flex",
          "flexDirection": "row",
          "justifyContent": "space-between",
          "marginTop": 10,
        }
      }
    >
      <Text>
        Двигатель
      </Text>
      <Text>
        2.0L Turbocharged
      </Text>
    </View>
    <View
      style={
        {
          "display": "flex",
          "flexDirection": "row",
          "justifyContent": "space-between",
          "marginTop": 10,
        }
      }
    >
      <Text>
        Тип трансмисии
      </Text>
      <Text>
        Automatic
      </Text>
    </View>
    <View
      style={
        {
          "display": "flex",
          "flexDirection": "row",
          "justifyContent": "space-between",
          "marginTop": 10,
        }
      }
    >
      <Text>
        Максимальная скорость
      </Text>
      <Text>
        200 km/h
      </Text>
    </View>
    <View
      style={
        {
          "display": "flex",
          "flexDirection": "row",
          "justifyContent": "space-between",
          "marginTop": 10,
        }
      }
    >
      <Text>
        Цена
      </Text>
      <Text>
        $25,000
      </Text>
    </View>
    <View
      style={
        {
          "display": "flex",
          "flexDirection": "row",
          "justifyContent": "space-between",
          "marginTop": 10,
        }
      }
    >
      <Text>
        Цвет
      </Text>
      <Text>
        Red
      </Text>
    </View>
  </View>
</View>
`;
